
> nextn@0.1.0 build /app
> next build

⚠ No build cache found. Please configure build caching for faster rebuilds. Read more: https://nextjs.org/docs/messages/no-cache
Attention: Next.js now collects completely anonymous telemetry regarding usage.
This information is used to shape Next.js' roadmap and prioritize features.
You can learn more, including how to opt-out if you'd not like to participate in this anonymous program, by visiting the following URL:
https://nextjs.org/telemetry

▲ Next.js 16.2.4 (Turbopack)

  Creating an optimized production build ...
✓ Compiled successfully in 19.5s
  Skipping validation of types
  Finished TypeScript config validation in 22ms ...
  Collecting page data using 3 workers ...
  Generating static pages using 3 workers (0/23) ...
Error occurred prerendering page "/_not-found". Read more: https://nextjs.org/docs/messages/prerender-error
Error: Functions cannot be passed directly to Client Components unless you explicitly expose it by marking it with "use server". Or maybe you meant to call this function rather than return it.
  {$$typeof: ..., render: function, displayName: ...}
                          ^^^^^^^^
    at stringify (<anonymous>) {
  digest: '4115571473'
}
Export encountered an error on /_not-found/page: /_not-found, exiting the build.
⨯ Next.js build worker exited with code: 1 and signal: null
 ELIFECYCLE  Command failed with exit code 1.
