
> nextn@0.1.0 typecheck E:\proyectos\01EnviosDosRueda
> tsc --noEmit

src/ai/dev.ts(5,8): error TS5097: An import path can only end with a '.ts' extension when 'allowImportingTsExtensions' is enabled.
src/ai/dev.ts(6,8): error TS5097: An import path can only end with a '.ts' extension when 'allowImportingTsExtensions' is enabled.
src/ai/dev.ts(7,8): error TS5097: An import path can only end with a '.ts' extension when 'allowImportingTsExtensions' is enabled.
src/ai/dev.ts(8,8): error TS5097: An import path can only end with a '.ts' extension when 'allowImportingTsExtensions' is enabled.
src/app/admin/cotizaciones/actions.ts(14,48): error TS2353: Object literal may only specify known properties, and 'required_error' does not exist in type '{ error?: string | $ZodErrorMap<$ZodIssueInvalidValue<unknown>> | undefined; message?: string | undefined; }'.
src/app/admin/etiquetas/actions.ts(22,46): error TS2353: Object literal may only specify known properties, and 'required_error' does not exist in type '{ error?: string | $ZodErrorMap<$ZodIssueInvalidValue<unknown>> | undefined; message?: string | undefined; }'.
src/app/ordenes/actions.ts(170,54): error TS2353: Object literal may only specify known properties, and 'errorMap' does not exist in type '{ error?: string | $ZodErrorMap<$ZodIssueInvalidValue<unknown>> | undefined; message?: string | undefined; }'.
src/app/ordenes/actions.ts(296,31): error TS2353: Object literal may only specify known properties, and 'required_error' does not exist in type '{ error?: string | $ZodErrorMap<$ZodIssueInvalidType<unknown>> | undefined; message?: string | undefined; }'.
src/app/ordenes/actions.ts(299,33): error TS2353: Object literal may only specify known properties, and 'required_error' does not exist in type '{ error?: string | $ZodErrorMap<$ZodIssueInvalidType<unknown>> | undefined; message?: string | undefined; }'.
src/components/admin/AddPostForm.tsx(27,48): error TS2353: Object literal may only specify known properties, and 'required_error' does not exist in type '{ error?: string | $ZodErrorMap<$ZodIssueInvalidValue<unknown>> | undefined; message?: string | undefined; }'.
src/components/admin/AddPostForm.tsx(60,5): error TS2322: Type 'Resolver<{ platform: "facebook" | "instagram" | "whatsapp"; content: string; postUrl: string; imageUrl?: string | undefined; imageHint?: string | undefined; likes?: unknown; comments?: unknown; shares?: unknown; }, any, { ...; }>' is not assignable to type 'Resolver<{ platform: "facebook" | "instagram" | "whatsapp"; content: string; postUrl: string; imageUrl?: string | undefined; imageHint?: string | undefined; likes?: number | undefined; comments?: number | undefined; shares?: number | undefined; }, any, { ...; }>'.
  Types of parameters 'options' and 'options' are incompatible.
    Type 'ResolverOptions<{ platform: "facebook" | "instagram" | "whatsapp"; content: string; postUrl: string; imageUrl?: string | undefined; imageHint?: string | undefined; likes?: number | undefined; comments?: number | undefined; shares?: number | undefined; }>' is not assignable to type 'ResolverOptions<{ platform: "facebook" | "instagram" | "whatsapp"; content: string; postUrl: string; imageUrl?: string | undefined; imageHint?: string | undefined; likes?: unknown; comments?: unknown; shares?: unknown; }>'.
      Type 'unknown' is not assignable to type 'number | undefined'.
src/components/admin/clientes/CreateClientForm.tsx(49,5): error TS2322: Type 'Resolver<{ name: string; phone: string; address: string; addressLat: unknown; addressLng: unknown; lastName?: string | undefined; email?: string | undefined; }, any, { name: string; phone: string; address: string; addressLat: number; addressLng: number; lastName?: string | undefined; email?: string | undefined; }>' is not assignable to type 'Resolver<{ name: string; phone: string; address: string; addressLat: number; addressLng: number; lastName?: string | undefined; email?: string | undefined; }, any, { name: string; phone: string; address: string; addressLat: number; addressLng: number; lastName?: string | undefined; email?: string | undefined; }>'.
  Types of parameters 'options' and 'options' are incompatible.
    Type 'ResolverOptions<{ name: string; phone: string; address: string; addressLat: number; addressLng: number; lastName?: string | undefined; email?: string | undefined; }>' is not assignable to type 'ResolverOptions<{ name: string; phone: string; address: string; addressLat: unknown; addressLng: unknown; lastName?: string | undefined; email?: string | undefined; }>'.
      Type 'unknown' is not assignable to type 'number'.
src/components/admin/clientes/EditClientForm.tsx(61,5): error TS2322: Type 'Resolver<{ id: unknown; name: string; address: string; addressLat: unknown; addressLng: unknown; lastName?: string | undefined; phone?: string | undefined; email?: string | undefined; }, any, { id: number; name: string; address: string; ... 4 more ...; email?: string | undefined; }>' is not assignable to type 'Resolver<{ id: number; name: string; address: string; addressLat: number; addressLng: number; lastName?: string | undefined; phone?: string | undefined; email?: string | undefined; }, any, { id: number; ... 6 more ...; email?: string | undefined; }>'.
  Types of parameters 'options' and 'options' are incompatible.
    Type 'ResolverOptions<{ id: number; name: string; address: string; addressLat: number; addressLng: number; lastName?: string | undefined; phone?: string | undefined; email?: string | undefined; }>' is not assignable to type 'ResolverOptions<{ id: unknown; name: string; address: string; addressLat: unknown; addressLng: unknown; lastName?: string | undefined; phone?: string | undefined; email?: string | undefined; }>'.
      Type 'unknown' is not assignable to type 'number'.
src/components/admin/etiquetas/EtiquetaForm.tsx(34,46): error TS2353: Object literal may only specify known properties, and 'required_error' does not exist in type '{ error?: string | $ZodErrorMap<$ZodIssueInvalidValue<unknown>> | undefined; message?: string | undefined; }'.
src/components/admin/etiquetas/EtiquetaForm.tsx(93,5): error TS2719: Type 'import("E:/proyectos/01EnviosDosRueda/node_modules/.pnpm/react-hook-form@7.75.0_react@19.2.5/node_modules/react-hook-form/dist/types/resolvers").Resolver<{ tipoEnvio: "EXPRESS" | "LOW_COST" | "PUNTO_DE_RETIRO"; remitenteNombre: string; remitenteDireccion: string; destinatarioNombre: string; destinatarioDireccion: st...' is not assignable to type 'import("E:/proyectos/01EnviosDosRueda/node_modules/.pnpm/react-hook-form@7.75.0_react@19.2.5/node_modules/react-hook-form/dist/types/resolvers").Resolver<{ tipoEnvio: "EXPRESS" | "LOW_COST" | "PUNTO_DE_RETIRO"; remitenteNombre: string; remitenteDireccion: string; destinatarioNombre: string; destinatarioDireccion: st...'. Two different types with this name exist, but they are unrelated.
  Types of parameters 'options' and 'options' are incompatible.
    Type 'import("E:/proyectos/01EnviosDosRueda/node_modules/.pnpm/react-hook-form@7.75.0_react@19.2.5/node_modules/react-hook-form/dist/types/resolvers").ResolverOptions<{ tipoEnvio: "EXPRESS" | "LOW_COST" | "PUNTO_DE_RETIRO"; remitenteNombre: string; remitenteDireccion: string; destinatarioNombre: string; destinatarioDirecc...' is not assignable to type 'import("E:/proyectos/01EnviosDosRueda/node_modules/.pnpm/react-hook-form@7.75.0_react@19.2.5/node_modules/react-hook-form/dist/types/resolvers").ResolverOptions<{ tipoEnvio: "EXPRESS" | "LOW_COST" | "PUNTO_DE_RETIRO"; remitenteNombre: string; remitenteDireccion: string; destinatarioNombre: string; destinatarioDirecc...'. Two different types with this name exist, but they are unrelated.
      Type 'unknown' is not assignable to type 'number | undefined'.
src/components/admin/etiquetas/EtiquetaForm.tsx(242,30): error TS2322: Type 'Control<{ tipoEnvio: "EXPRESS" | "LOW_COST" | "PUNTO_DE_RETIRO"; remitenteNombre: string; remitenteDireccion: string; destinatarioNombre: string; destinatarioDireccion: string; destinatarioTelefono: string; ... 6 more ...; deliveryEndTime?: string | undefined; }, any, TFieldValues>' is not assignable to type 'Control<{ tipoEnvio: "EXPRESS" | "LOW_COST" | "PUNTO_DE_RETIRO"; remitenteNombre: string; remitenteDireccion: string; destinatarioNombre: string; destinatarioDireccion: string; destinatarioTelefono: string; ... 6 more ...; deliveryEndTime?: string | undefined; }, any, { ...; }>'.
  The types of '_options.resolver' are incompatible between these types.
    Type 'Resolver<{ tipoEnvio: "EXPRESS" | "LOW_COST" | "PUNTO_DE_RETIRO"; remitenteNombre: string; remitenteDireccion: string; destinatarioNombre: string; destinatarioDireccion: string; destinatarioTelefono: string; ... 6 more ...; deliveryEndTime?: string | undefined; }, any, TFieldValues> | undefined' is not assignable to type 'Resolver<{ tipoEnvio: "EXPRESS" | "LOW_COST" | "PUNTO_DE_RETIRO"; remitenteNombre: string; remitenteDireccion: string; destinatarioNombre: string; destinatarioDireccion: string; destinatarioTelefono: string; ... 6 more ...; deliveryEndTime?: string | undefined; }, any, { ...; }> | undefined'.
      Type 'Resolver<{ tipoEnvio: "EXPRESS" | "LOW_COST" | "PUNTO_DE_RETIRO"; remitenteNombre: string; remitenteDireccion: string; destinatarioNombre: string; destinatarioDireccion: string; destinatarioTelefono: string; ... 6 more ...; deliveryEndTime?: string | undefined; }, any, TFieldValues>' is not assignable to type 'Resolver<{ tipoEnvio: "EXPRESS" | "LOW_COST" | "PUNTO_DE_RETIRO"; remitenteNombre: string; remitenteDireccion: string; destinatarioNombre: string; destinatarioDireccion: string; destinatarioTelefono: string; ... 6 more ...; deliveryEndTime?: string | undefined; }, any, { ...; }>'.
        Type 'ResolverResult<{ tipoEnvio: "EXPRESS" | "LOW_COST" | "PUNTO_DE_RETIRO"; remitenteNombre: string; remitenteDireccion: string; destinatarioNombre: string; destinatarioDireccion: string; destinatarioTelefono: string; ... 6 more ...; deliveryEndTime?: string | undefined; }, TFieldValues> | Promise<...>' is not assignable to type 'ResolverResult<{ tipoEnvio: "EXPRESS" | "LOW_COST" | "PUNTO_DE_RETIRO"; remitenteNombre: string; remitenteDireccion: string; destinatarioNombre: string; destinatarioDireccion: string; destinatarioTelefono: string; ... 6 more ...; deliveryEndTime?: string | undefined; }, { ...; }> | Promise<...>'.
          Type 'ResolverSuccess<TFieldValues>' is not assignable to type 'ResolverResult<{ tipoEnvio: "EXPRESS" | "LOW_COST" | "PUNTO_DE_RETIRO"; remitenteNombre: string; remitenteDireccion: string; destinatarioNombre: string; destinatarioDireccion: string; destinatarioTelefono: string; ... 6 more ...; deliveryEndTime?: string | undefined; }, { ...; }> | Promise<...>'.
            Type 'ResolverSuccess<TFieldValues>' is not assignable to type 'ResolverSuccess<{ tipoEnvio: "EXPRESS" | "LOW_COST" | "PUNTO_DE_RETIRO"; remitenteNombre: string; remitenteDireccion: string; destinatarioNombre: string; destinatarioDireccion: string; destinatarioTelefono: string; ... 6 more ...; deliveryEndTime?: string | undefined; }>'.
              Type 'TFieldValues' is not assignable to type '{ tipoEnvio: "EXPRESS" | "LOW_COST" | "PUNTO_DE_RETIRO"; remitenteNombre: string; remitenteDireccion: string; destinatarioNombre: string; destinatarioDireccion: string; destinatarioTelefono: string; ... 6 more ...; deliveryEndTime?: string | undefined; }'.
                Type 'FieldValues' is missing the following properties from type '{ tipoEnvio: "EXPRESS" | "LOW_COST" | "PUNTO_DE_RETIRO"; remitenteNombre: string; remitenteDireccion: string; destinatarioNombre: string; destinatarioDireccion: string; destinatarioTelefono: string; ... 6 more ...; deliveryEndTime?: string | undefined; }': tipoEnvio, remitenteNombre, remitenteDireccion, destinatarioNombre, and 2 more.
src/components/admin/repartidores/RepartidorForm.tsx(56,5): error TS2322: Type 'Resolver<{ name: string; phone: string; vehicleType: string; licensePlate: string; isActive: boolean; id?: unknown; }, any, { name: string; phone: string; vehicleType: string; licensePlate: string; isActive: boolean; id?: number | undefined; }>' is not assignable to type 'Resolver<{ name: string; phone: string; vehicleType: string; licensePlate: string; isActive: boolean; id?: number | undefined; }, any, { name: string; phone: string; vehicleType: string; licensePlate: string; isActive: boolean; id?: number | undefined; }>'.
  Types of parameters 'options' and 'options' are incompatible.
    Type 'ResolverOptions<{ name: string; phone: string; vehicleType: string; licensePlate: string; isActive: boolean; id?: number | undefined; }>' is not assignable to type 'ResolverOptions<{ name: string; phone: string; vehicleType: string; licensePlate: string; isActive: boolean; id?: unknown; }>'.
      Type 'unknown' is not assignable to type 'number | undefined'.
src/components/admin/repartidores/RepartidorForm.tsx(111,41): error TS2345: Argument of type '(data: RepartidorFormValues) => void' is not assignable to parameter of type 'SubmitHandler<TFieldValues>'.
  Types of parameters 'data' and 'data' are incompatible.
    Type 'TFieldValues' is not assignable to type '{ name: string; phone: string; vehicleType: string; licensePlate: string; isActive: boolean; id?: number | undefined; }'.
      Type 'FieldValues' is missing the following properties from type '{ name: string; phone: string; vehicleType: string; licensePlate: string; isActive: boolean; id?: number | undefined; }': name, phone, vehicleType, licensePlate, isActive
src/components/contact/business-hours.tsx(43,15): error TS2322: Type '{ hidden: { opacity: number; y: number; }; visible: (i: number) => { opacity: number; y: number; transition: { delay: number; duration: number; ease: string; }; }; }' is not assignable to type 'Variants'.
  Property 'visible' is incompatible with index signature.
    Type '(i: number) => { opacity: number; y: number; transition: { delay: number; duration: number; ease: string; }; }' is not assignable to type 'Variant'.
      Type '(i: number) => { opacity: number; y: number; transition: { delay: number; duration: number; ease: string; }; }' is not assignable to type 'TargetResolver'.
        Type '{ opacity: number; y: number; transition: { delay: number; duration: number; ease: string; }; }' is not assignable to type 'string | TargetAndTransition'.
          Type '{ opacity: number; y: number; transition: { delay: number; duration: number; ease: string; }; }' is not assignable to type 'TargetAndTransition'.
            Type '{ opacity: number; y: number; transition: { delay: number; duration: number; ease: string; }; }' is not assignable to type '{ transition?: Transition<any> | undefined; transitionEnd?: ResolvedValues$1 | undefined; }'.
              Types of property 'transition' are incompatible.
                Type '{ delay: number; duration: number; ease: string; }' is not assignable to type 'Transition<any> | undefined'.
                  Type '{ delay: number; duration: number; ease: string; }' is not assignable to type 'TransitionWithValueOverrides<any>'.
                    Type '{ delay: number; duration: number; ease: string; }' is not assignable to type 'ValueAnimationTransition<any>'.
                      Types of property 'ease' are incompatible.
                        Type 'string' is not assignable to type 'Easing | Easing[] | undefined'.
src/components/contact/contact-info.tsx(5,29): error TS2305: Module '"lucide-react"' has no exported member 'Facebook'.
src/components/contact/contact-info.tsx(5,39): error TS2305: Module '"lucide-react"' has no exported member 'Instagram'.
src/components/contact/contact-info.tsx(87,13): error TS2322: Type '{ hidden: { opacity: number; y: number; }; visible: (i: number) => { opacity: number; y: number; transition: { delay: number; duration: number; ease: string; }; }; }' is not assignable to type 'Variants'.
  Property 'visible' is incompatible with index signature.
    Type '(i: number) => { opacity: number; y: number; transition: { delay: number; duration: number; ease: string; }; }' is not assignable to type 'Variant'.
      Type '(i: number) => { opacity: number; y: number; transition: { delay: number; duration: number; ease: string; }; }' is not assignable to type 'TargetResolver'.
        Type '{ opacity: number; y: number; transition: { delay: number; duration: number; ease: string; }; }' is not assignable to type 'string | TargetAndTransition'.
          Type '{ opacity: number; y: number; transition: { delay: number; duration: number; ease: string; }; }' is not assignable to type 'TargetAndTransition'.
            Type '{ opacity: number; y: number; transition: { delay: number; duration: number; ease: string; }; }' is not assignable to type '{ transition?: Transition<any> | undefined; transitionEnd?: ResolvedValues$1 | undefined; }'.
              Types of property 'transition' are incompatible.
                Type '{ delay: number; duration: number; ease: string; }' is not assignable to type 'Transition<any> | undefined'.
                  Type '{ delay: number; duration: number; ease: string; }' is not assignable to type 'TransitionWithValueOverrides<any>'.
                    Type '{ delay: number; duration: number; ease: string; }' is not assignable to type 'ValueAnimationTransition<any>'.
                      Types of property 'ease' are incompatible.
                        Type 'string' is not assignable to type 'Easing | Easing[] | undefined'.
src/components/contact/contact-info.tsx(124,19): error TS2322: Type '{ hidden: { opacity: number; y: number; }; visible: (i: number) => { opacity: number; y: number; transition: { delay: number; duration: number; ease: string; }; }; }' is not assignable to type 'Variants'.
  Property 'visible' is incompatible with index signature.
    Type '(i: number) => { opacity: number; y: number; transition: { delay: number; duration: number; ease: string; }; }' is not assignable to type 'Variant'.
      Type '(i: number) => { opacity: number; y: number; transition: { delay: number; duration: number; ease: string; }; }' is not assignable to type 'TargetResolver'.
        Type '{ opacity: number; y: number; transition: { delay: number; duration: number; ease: string; }; }' is not assignable to type 'string | TargetAndTransition'.
          Type '{ opacity: number; y: number; transition: { delay: number; duration: number; ease: string; }; }' is not assignable to type 'TargetAndTransition'.
            Type '{ opacity: number; y: number; transition: { delay: number; duration: number; ease: string; }; }' is not assignable to type '{ transition?: Transition<any> | undefined; transitionEnd?: ResolvedValues$1 | undefined; }'.
              Types of property 'transition' are incompatible.
                Type '{ delay: number; duration: number; ease: string; }' is not assignable to type 'Transition<any> | undefined'.
                  Type '{ delay: number; duration: number; ease: string; }' is not assignable to type 'TransitionWithValueOverrides<any>'.
                    Type '{ delay: number; duration: number; ease: string; }' is not assignable to type 'ValueAnimationTransition<any>'.
                      Types of property 'ease' are incompatible.
                        Type 'string' is not assignable to type 'Easing | Easing[] | undefined'.
src/components/contact/contact-page-client.tsx(31,9): error TS2322: Type '{ hidden: { opacity: number; y: number; }; visible: (i: number) => { opacity: number; y: number; transition: { delay: number; duration: number; ease: string; }; }; }' is not assignable to type 'Variants'.
  Property 'visible' is incompatible with index signature.
    Type '(i: number) => { opacity: number; y: number; transition: { delay: number; duration: number; ease: string; }; }' is not assignable to type 'Variant'.
      Type '(i: number) => { opacity: number; y: number; transition: { delay: number; duration: number; ease: string; }; }' is not assignable to type 'TargetResolver'.
        Type '{ opacity: number; y: number; transition: { delay: number; duration: number; ease: string; }; }' is not assignable to type 'string | TargetAndTransition'.
          Type '{ opacity: number; y: number; transition: { delay: number; duration: number; ease: string; }; }' is not assignable to type 'TargetAndTransition'.
            Type '{ opacity: number; y: number; transition: { delay: number; duration: number; ease: string; }; }' is not assignable to type '{ transition?: Transition<any> | undefined; transitionEnd?: ResolvedValues$1 | undefined; }'.
              Types of property 'transition' are incompatible.
                Type '{ delay: number; duration: number; ease: string; }' is not assignable to type 'Transition<any> | undefined'.
                  Type '{ delay: number; duration: number; ease: string; }' is not assignable to type 'TransitionWithValueOverrides<any>'.
                    Type '{ delay: number; duration: number; ease: string; }' is not assignable to type 'ValueAnimationTransition<any>'.
                      Types of property 'ease' are incompatible.
                        Type 'string' is not assignable to type 'Easing | Easing[] | undefined'.
src/components/contact/contact-page-client.tsx(61,9): error TS2322: Type '{ hidden: { opacity: number; y: number; }; visible: (i: number) => { opacity: number; y: number; transition: { delay: number; duration: number; ease: string; }; }; }' is not assignable to type 'Variants'.
  Property 'visible' is incompatible with index signature.
    Type '(i: number) => { opacity: number; y: number; transition: { delay: number; duration: number; ease: string; }; }' is not assignable to type 'Variant'.
      Type '(i: number) => { opacity: number; y: number; transition: { delay: number; duration: number; ease: string; }; }' is not assignable to type 'TargetResolver'.
        Type '{ opacity: number; y: number; transition: { delay: number; duration: number; ease: string; }; }' is not assignable to type 'string | TargetAndTransition'.
          Type '{ opacity: number; y: number; transition: { delay: number; duration: number; ease: string; }; }' is not assignable to type 'TargetAndTransition'.
            Type '{ opacity: number; y: number; transition: { delay: number; duration: number; ease: string; }; }' is not assignable to type '{ transition?: Transition<any> | undefined; transitionEnd?: ResolvedValues$1 | undefined; }'.
              Types of property 'transition' are incompatible.
                Type '{ delay: number; duration: number; ease: string; }' is not assignable to type 'Transition<any> | undefined'.
                  Type '{ delay: number; duration: number; ease: string; }' is not assignable to type 'TransitionWithValueOverrides<any>'.
                    Type '{ delay: number; duration: number; ease: string; }' is not assignable to type 'ValueAnimationTransition<any>'.
                      Types of property 'ease' are incompatible.
                        Type 'string' is not assignable to type 'Easing | Easing[] | undefined'.
src/components/contact/contact-page-client.tsx(70,9): error TS2322: Type '{ hidden: { opacity: number; y: number; }; visible: (i: number) => { opacity: number; y: number; transition: { delay: number; duration: number; ease: string; }; }; }' is not assignable to type 'Variants'.
  Property 'visible' is incompatible with index signature.
    Type '(i: number) => { opacity: number; y: number; transition: { delay: number; duration: number; ease: string; }; }' is not assignable to type 'Variant'.
      Type '(i: number) => { opacity: number; y: number; transition: { delay: number; duration: number; ease: string; }; }' is not assignable to type 'TargetResolver'.
        Type '{ opacity: number; y: number; transition: { delay: number; duration: number; ease: string; }; }' is not assignable to type 'string | TargetAndTransition'.
          Type '{ opacity: number; y: number; transition: { delay: number; duration: number; ease: string; }; }' is not assignable to type 'TargetAndTransition'.
            Type '{ opacity: number; y: number; transition: { delay: number; duration: number; ease: string; }; }' is not assignable to type '{ transition?: Transition<any> | undefined; transitionEnd?: ResolvedValues$1 | undefined; }'.
              Types of property 'transition' are incompatible.
                Type '{ delay: number; duration: number; ease: string; }' is not assignable to type 'Transition<any> | undefined'.
                  Type '{ delay: number; duration: number; ease: string; }' is not assignable to type 'TransitionWithValueOverrides<any>'.
                    Type '{ delay: number; duration: number; ease: string; }' is not assignable to type 'ValueAnimationTransition<any>'.
                      Types of property 'ease' are incompatible.
                        Type 'string' is not assignable to type 'Easing | Easing[] | undefined'.
src/components/contact/contact-page-client.tsx(86,9): error TS2322: Type '{ hidden: { opacity: number; y: number; }; visible: (i: number) => { opacity: number; y: number; transition: { delay: number; duration: number; ease: string; }; }; }' is not assignable to type 'Variants'.
  Property 'visible' is incompatible with index signature.
    Type '(i: number) => { opacity: number; y: number; transition: { delay: number; duration: number; ease: string; }; }' is not assignable to type 'Variant'.
      Type '(i: number) => { opacity: number; y: number; transition: { delay: number; duration: number; ease: string; }; }' is not assignable to type 'TargetResolver'.
        Type '{ opacity: number; y: number; transition: { delay: number; duration: number; ease: string; }; }' is not assignable to type 'string | TargetAndTransition'.
          Type '{ opacity: number; y: number; transition: { delay: number; duration: number; ease: string; }; }' is not assignable to type 'TargetAndTransition'.
            Type '{ opacity: number; y: number; transition: { delay: number; duration: number; ease: string; }; }' is not assignable to type '{ transition?: Transition<any> | undefined; transitionEnd?: ResolvedValues$1 | undefined; }'.
              Types of property 'transition' are incompatible.
                Type '{ delay: number; duration: number; ease: string; }' is not assignable to type 'Transition<any> | undefined'.
                  Type '{ delay: number; duration: number; ease: string; }' is not assignable to type 'TransitionWithValueOverrides<any>'.
                    Type '{ delay: number; duration: number; ease: string; }' is not assignable to type 'ValueAnimationTransition<any>'.
                      Types of property 'ease' are incompatible.
                        Type 'string' is not assignable to type 'Easing | Easing[] | undefined'.
src/components/contact/contact-page-client.tsx(95,9): error TS2322: Type '{ hidden: { opacity: number; y: number; }; visible: (i: number) => { opacity: number; y: number; transition: { delay: number; duration: number; ease: string; }; }; }' is not assignable to type 'Variants'.
  Property 'visible' is incompatible with index signature.
    Type '(i: number) => { opacity: number; y: number; transition: { delay: number; duration: number; ease: string; }; }' is not assignable to type 'Variant'.
      Type '(i: number) => { opacity: number; y: number; transition: { delay: number; duration: number; ease: string; }; }' is not assignable to type 'TargetResolver'.
        Type '{ opacity: number; y: number; transition: { delay: number; duration: number; ease: string; }; }' is not assignable to type 'string | TargetAndTransition'.
          Type '{ opacity: number; y: number; transition: { delay: number; duration: number; ease: string; }; }' is not assignable to type 'TargetAndTransition'.
            Type '{ opacity: number; y: number; transition: { delay: number; duration: number; ease: string; }; }' is not assignable to type '{ transition?: Transition<any> | undefined; transitionEnd?: ResolvedValues$1 | undefined; }'.
              Types of property 'transition' are incompatible.
                Type '{ delay: number; duration: number; ease: string; }' is not assignable to type 'Transition<any> | undefined'.
                  Type '{ delay: number; duration: number; ease: string; }' is not assignable to type 'TransitionWithValueOverrides<any>'.
                    Type '{ delay: number; duration: number; ease: string; }' is not assignable to type 'ValueAnimationTransition<any>'.
                      Types of property 'ease' are incompatible.
                        Type 'string' is not assignable to type 'Easing | Easing[] | undefined'.
src/components/delivery-gastronomico/beneficios-gastronomico.tsx(67,39): error TS2322: Type '{ hidden: { y: number; opacity: number; }; visible: { y: number; opacity: number; transition: { type: string; stiffness: number; }; }; }' is not assignable to type 'Variants'.
  Property 'visible' is incompatible with index signature.
    Type '{ y: number; opacity: number; transition: { type: string; stiffness: number; }; }' is not assignable to type 'Variant'.
      Type '{ y: number; opacity: number; transition: { type: string; stiffness: number; }; }' is not assignable to type 'TargetAndTransition'.
        Type '{ y: number; opacity: number; transition: { type: string; stiffness: number; }; }' is not assignable to type '{ transition?: Transition<any> | undefined; transitionEnd?: ResolvedValues$1 | undefined; }'.
          Types of property 'transition' are incompatible.
            Type '{ type: string; stiffness: number; }' is not assignable to type 'Transition<any> | undefined'.
              Type '{ type: string; stiffness: number; }' is not assignable to type 'TransitionWithValueOverrides<any>'.
                Type '{ type: string; stiffness: number; }' is not assignable to type 'ValueAnimationTransition<any>'.
                  Types of property 'type' are incompatible.
                    Type 'string' is not assignable to type 'AnimationGeneratorType | undefined'.
src/components/design-v2/LandingPageV2.tsx(12,3): error TS2305: Module '"lucide-react"' has no exported member 'Instagram'.
src/components/design-v2/LandingPageV2.tsx(13,3): error TS2305: Module '"lucide-react"' has no exported member 'Facebook'.
src/components/design-v2/LandingPageV2.tsx(14,3): error TS2305: Module '"lucide-react"' has no exported member 'Twitter'.
src/components/express/express-content.tsx(54,23): error TS2322: Type '{ hidden: { opacity: number; x: number; }; visible: { opacity: number; x: number; transition: { type: string; stiffness: number; }; }; }' is not assignable to type 'Variants'.
  Property 'visible' is incompatible with index signature.
    Type '{ opacity: number; x: number; transition: { type: string; stiffness: number; }; }' is not assignable to type 'Variant'.
      Type '{ opacity: number; x: number; transition: { type: string; stiffness: number; }; }' is not assignable to type 'TargetAndTransition'.
        Type '{ opacity: number; x: number; transition: { type: string; stiffness: number; }; }' is not assignable to type '{ transition?: Transition<any> | undefined; transitionEnd?: ResolvedValues$1 | undefined; }'.
          Types of property 'transition' are incompatible.
            Type '{ type: string; stiffness: number; }' is not assignable to type 'Transition<any> | undefined'.
              Type '{ type: string; stiffness: number; }' is not assignable to type 'TransitionWithValueOverrides<any>'.
                Type '{ type: string; stiffness: number; }' is not assignable to type 'ValueAnimationTransition<any>'.
                  Types of property 'type' are incompatible.
                    Type 'string' is not assignable to type 'AnimationGeneratorType | undefined'.
src/components/express/express-content.tsx(69,19): error TS2322: Type '{ hidden: { opacity: number; x: number; }; visible: { opacity: number; x: number; transition: { type: string; stiffness: number; }; }; }' is not assignable to type 'Variants'.
  Property 'visible' is incompatible with index signature.
    Type '{ opacity: number; x: number; transition: { type: string; stiffness: number; }; }' is not assignable to type 'Variant'.
      Type '{ opacity: number; x: number; transition: { type: string; stiffness: number; }; }' is not assignable to type 'TargetAndTransition'.
        Type '{ opacity: number; x: number; transition: { type: string; stiffness: number; }; }' is not assignable to type '{ transition?: Transition<any> | undefined; transitionEnd?: ResolvedValues$1 | undefined; }'.
          Types of property 'transition' are incompatible.
            Type '{ type: string; stiffness: number; }' is not assignable to type 'Transition<any> | undefined'.
              Type '{ type: string; stiffness: number; }' is not assignable to type 'TransitionWithValueOverrides<any>'.
                Type '{ type: string; stiffness: number; }' is not assignable to type 'ValueAnimationTransition<any>'.
                  Types of property 'type' are incompatible.
                    Type 'string' is not assignable to type 'AnimationGeneratorType | undefined'.
src/components/express/express-content.tsx(85,15): error TS2322: Type '{ hidden: { opacity: number; x: number; }; visible: { opacity: number; x: number; transition: { type: string; stiffness: number; }; }; }' is not assignable to type 'Variants'.
  Property 'visible' is incompatible with index signature.
    Type '{ opacity: number; x: number; transition: { type: string; stiffness: number; }; }' is not assignable to type 'Variant'.
      Type '{ opacity: number; x: number; transition: { type: string; stiffness: number; }; }' is not assignable to type 'TargetAndTransition'.
        Type '{ opacity: number; x: number; transition: { type: string; stiffness: number; }; }' is not assignable to type '{ transition?: Transition<any> | undefined; transitionEnd?: ResolvedValues$1 | undefined; }'.
          Types of property 'transition' are incompatible.
            Type '{ type: string; stiffness: number; }' is not assignable to type 'Transition<any> | undefined'.
              Type '{ type: string; stiffness: number; }' is not assignable to type 'TransitionWithValueOverrides<any>'.
                Type '{ type: string; stiffness: number; }' is not assignable to type 'ValueAnimationTransition<any>'.
                  Types of property 'type' are incompatible.
                    Type 'string' is not assignable to type 'AnimationGeneratorType | undefined'.
src/components/express/express-content.tsx(109,13): error TS2322: Type '{ hidden: { opacity: number; x: number; }; visible: { opacity: number; x: number; transition: { type: string; stiffness: number; }; }; }' is not assignable to type 'Variants'.
  Property 'visible' is incompatible with index signature.
    Type '{ opacity: number; x: number; transition: { type: string; stiffness: number; }; }' is not assignable to type 'Variant'.
      Type '{ opacity: number; x: number; transition: { type: string; stiffness: number; }; }' is not assignable to type 'TargetAndTransition'.
        Type '{ opacity: number; x: number; transition: { type: string; stiffness: number; }; }' is not assignable to type '{ transition?: Transition<any> | undefined; transitionEnd?: ResolvedValues$1 | undefined; }'.
          Types of property 'transition' are incompatible.
            Type '{ type: string; stiffness: number; }' is not assignable to type 'Transition<any> | undefined'.
              Type '{ type: string; stiffness: number; }' is not assignable to type 'TransitionWithValueOverrides<any>'.
                Type '{ type: string; stiffness: number; }' is not assignable to type 'ValueAnimationTransition<any>'.
                  Types of property 'type' are incompatible.
                    Type 'string' is not assignable to type 'AnimationGeneratorType | undefined'.
src/components/express/express-pricing-ranges.tsx(93,15): error TS2322: Type '{ hidden: { opacity: number; y: number; }; visible: (i: number) => { opacity: number; y: number; transition: { delay: number; type: string; stiffness: number; damping: number; }; }; }' is not assignable to type 'Variants'.
  Property 'visible' is incompatible with index signature.
    Type '(i: number) => { opacity: number; y: number; transition: { delay: number; type: string; stiffness: number; damping: number; }; }' is not assignable to type 'Variant'.
      Type '(i: number) => { opacity: number; y: number; transition: { delay: number; type: string; stiffness: number; damping: number; }; }' is not assignable to type 'TargetResolver'.
        Type '{ opacity: number; y: number; transition: { delay: number; type: string; stiffness: number; damping: number; }; }' is not assignable to type 'string | TargetAndTransition'.
          Type '{ opacity: number; y: number; transition: { delay: number; type: string; stiffness: number; damping: number; }; }' is not assignable to type 'TargetAndTransition'.
            Type '{ opacity: number; y: number; transition: { delay: number; type: string; stiffness: number; damping: number; }; }' is not assignable to type '{ transition?: Transition<any> | undefined; transitionEnd?: ResolvedValues$1 | undefined; }'.
              Types of property 'transition' are incompatible.
                Type '{ delay: number; type: string; stiffness: number; damping: number; }' is not assignable to type 'Transition<any> | undefined'.
                  Type '{ delay: number; type: string; stiffness: number; damping: number; }' is not assignable to type 'TransitionWithValueOverrides<any>'.
                    Type '{ delay: number; type: string; stiffness: number; damping: number; }' is not assignable to type 'ValueAnimationTransition<any>'.
                      Types of property 'type' are incompatible.
                        Type 'string' is not assignable to type 'AnimationGeneratorType | undefined'.
src/components/express/express-pricing-ranges.tsx(142,14): error TS2322: Type '{ hidden: { opacity: number; y: number; }; visible: (i: number) => { opacity: number; y: number; transition: { delay: number; type: string; stiffness: number; damping: number; }; }; }' is not assignable to type 'Variants'.
  Property 'visible' is incompatible with index signature.
    Type '(i: number) => { opacity: number; y: number; transition: { delay: number; type: string; stiffness: number; damping: number; }; }' is not assignable to type 'Variant'.
      Type '(i: number) => { opacity: number; y: number; transition: { delay: number; type: string; stiffness: number; damping: number; }; }' is not assignable to type 'TargetResolver'.
        Type '{ opacity: number; y: number; transition: { delay: number; type: string; stiffness: number; damping: number; }; }' is not assignable to type 'string | TargetAndTransition'.
          Type '{ opacity: number; y: number; transition: { delay: number; type: string; stiffness: number; damping: number; }; }' is not assignable to type 'TargetAndTransition'.
            Type '{ opacity: number; y: number; transition: { delay: number; type: string; stiffness: number; damping: number; }; }' is not assignable to type '{ transition?: Transition<any> | undefined; transitionEnd?: ResolvedValues$1 | undefined; }'.
              Types of property 'transition' are incompatible.
                Type '{ delay: number; type: string; stiffness: number; damping: number; }' is not assignable to type 'Transition<any> | undefined'.
                  Type '{ delay: number; type: string; stiffness: number; damping: number; }' is not assignable to type 'TransitionWithValueOverrides<any>'.
                    Type '{ delay: number; type: string; stiffness: number; damping: number; }' is not assignable to type 'ValueAnimationTransition<any>'.
                      Types of property 'type' are incompatible.
                        Type 'string' is not assignable to type 'AnimationGeneratorType | undefined'.
src/components/footer.tsx(12,3): error TS2305: Module '"lucide-react"' has no exported member 'Facebook'.
src/components/footer.tsx(13,3): error TS2305: Module '"lucide-react"' has no exported member 'Instagram'.
src/components/footer.tsx(14,3): error TS2305: Module '"lucide-react"' has no exported member 'Twitter'.
src/components/home/anterior/entrepreneur-solutions.tsx(99,39): error TS2322: Type '{ hidden: { opacity: number; y: number; }; visible: { opacity: number; y: number; transition: { type: string; stiffness: number; damping: number; }; }; }' is not assignable to type 'Variants'.
  Property 'visible' is incompatible with index signature.
    Type '{ opacity: number; y: number; transition: { type: string; stiffness: number; damping: number; }; }' is not assignable to type 'Variant'.
      Type '{ opacity: number; y: number; transition: { type: string; stiffness: number; damping: number; }; }' is not assignable to type 'TargetAndTransition'.
        Type '{ opacity: number; y: number; transition: { type: string; stiffness: number; damping: number; }; }' is not assignable to type '{ transition?: Transition<any> | undefined; transitionEnd?: ResolvedValues$1 | undefined; }'.
          Types of property 'transition' are incompatible.
            Type '{ type: string; stiffness: number; damping: number; }' is not assignable to type 'Transition<any> | undefined'.
              Type '{ type: string; stiffness: number; damping: number; }' is not assignable to type 'TransitionWithValueOverrides<any>'.
                Type '{ type: string; stiffness: number; damping: number; }' is not assignable to type 'ValueAnimationTransition<any>'.
                  Types of property 'type' are incompatible.
                    Type 'string' is not assignable to type 'AnimationGeneratorType | undefined'.
src/components/home/anterior/NeuralHorizonHero.tsx(18,30): error TS2554: Expected 1 arguments, but got 0.
src/components/home/anterior/NeuralHorizonHero.tsx(174,25): error TS2322: Type 'undefined' is not assignable to type 'number'.
src/components/home/anterior/stats-section.tsx(140,39): error TS2322: Type '{ hidden: { opacity: number; rotateY: number; scale: number; }; visible: { opacity: number; rotateY: number; scale: number; transition: { type: string; stiffness: number; damping: number; duration: number; }; }; }' is not assignable to type 'Variants'.
  Property 'visible' is incompatible with index signature.
    Type '{ opacity: number; rotateY: number; scale: number; transition: { type: string; stiffness: number; damping: number; duration: number; }; }' is not assignable to type 'Variant'.
      Type '{ opacity: number; rotateY: number; scale: number; transition: { type: string; stiffness: number; damping: number; duration: number; }; }' is not assignable to type 'TargetAndTransition'.
        Type '{ opacity: number; rotateY: number; scale: number; transition: { type: string; stiffness: number; damping: number; duration: number; }; }' is not assignable to type '{ transition?: Transition<any> | undefined; transitionEnd?: ResolvedValues$1 | undefined; }'.
          Types of property 'transition' are incompatible.
            Type '{ type: string; stiffness: number; damping: number; duration: number; }' is not assignable to type 'Transition<any> | undefined'.
              Type '{ type: string; stiffness: number; damping: number; duration: number; }' is not assignable to type 'TransitionWithValueOverrides<any>'.
                Type '{ type: string; stiffness: number; damping: number; duration: number; }' is not assignable to type 'ValueAnimationTransition<any>'.
                  Types of property 'type' are incompatible.
                    Type 'string' is not assignable to type 'AnimationGeneratorType | undefined'.
src/components/home/anterior/vision-section.tsx(51,11): error TS2322: Type '{ hidden: { y: number; opacity: number; }; visible: { y: number; opacity: number; transition: { duration: number; ease: string; }; }; }' is not assignable to type 'Variants'.
  Property 'visible' is incompatible with index signature.
    Type '{ y: number; opacity: number; transition: { duration: number; ease: string; }; }' is not assignable to type 'Variant'.
      Type '{ y: number; opacity: number; transition: { duration: number; ease: string; }; }' is not assignable to type 'TargetAndTransition'.
        Type '{ y: number; opacity: number; transition: { duration: number; ease: string; }; }' is not assignable to type '{ transition?: Transition<any> | undefined; transitionEnd?: ResolvedValues$1 | undefined; }'.
          Types of property 'transition' are incompatible.
            Type '{ duration: number; ease: string; }' is not assignable to type 'Transition<any> | undefined'.
              Type '{ duration: number; ease: string; }' is not assignable to type 'TransitionWithValueOverrides<any>'.
                Type '{ duration: number; ease: string; }' is not assignable to type 'ValueAnimationTransition<any>'.
                  Types of property 'ease' are incompatible.
                    Type 'string' is not assignable to type 'Easing | Easing[] | undefined'.
src/components/home/anterior/vision-section.tsx(72,11): error TS2322: Type '{ hidden: { y: number; opacity: number; }; visible: { y: number; opacity: number; transition: { duration: number; ease: string; }; }; }' is not assignable to type 'Variants'.
  Property 'visible' is incompatible with index signature.
    Type '{ y: number; opacity: number; transition: { duration: number; ease: string; }; }' is not assignable to type 'Variant'.
      Type '{ y: number; opacity: number; transition: { duration: number; ease: string; }; }' is not assignable to type 'TargetAndTransition'.
        Type '{ y: number; opacity: number; transition: { duration: number; ease: string; }; }' is not assignable to type '{ transition?: Transition<any> | undefined; transitionEnd?: ResolvedValues$1 | undefined; }'.
          Types of property 'transition' are incompatible.
            Type '{ duration: number; ease: string; }' is not assignable to type 'Transition<any> | undefined'.
              Type '{ duration: number; ease: string; }' is not assignable to type 'TransitionWithValueOverrides<any>'.
                Type '{ duration: number; ease: string; }' is not assignable to type 'ValueAnimationTransition<any>'.
                  Types of property 'ease' are incompatible.
                    Type 'string' is not assignable to type 'Easing | Easing[] | undefined'.
src/components/home/anterior/vision-section.tsx(79,11): error TS2322: Type '{ hidden: { y: number; opacity: number; }; visible: { y: number; opacity: number; transition: { duration: number; ease: string; }; }; }' is not assignable to type 'Variants'.
  Property 'visible' is incompatible with index signature.
    Type '{ y: number; opacity: number; transition: { duration: number; ease: string; }; }' is not assignable to type 'Variant'.
      Type '{ y: number; opacity: number; transition: { duration: number; ease: string; }; }' is not assignable to type 'TargetAndTransition'.
        Type '{ y: number; opacity: number; transition: { duration: number; ease: string; }; }' is not assignable to type '{ transition?: Transition<any> | undefined; transitionEnd?: ResolvedValues$1 | undefined; }'.
          Types of property 'transition' are incompatible.
            Type '{ duration: number; ease: string; }' is not assignable to type 'Transition<any> | undefined'.
              Type '{ duration: number; ease: string; }' is not assignable to type 'TransitionWithValueOverrides<any>'.
                Type '{ duration: number; ease: string; }' is not assignable to type 'ValueAnimationTransition<any>'.
                  Types of property 'ease' are incompatible.
                    Type 'string' is not assignable to type 'Easing | Easing[] | undefined'.
src/components/home/anterior/vision-section.tsx(85,21): error TS2322: Type '{ hidden: { y: number; opacity: number; }; visible: { y: number; opacity: number; transition: { duration: number; ease: string; }; }; }' is not assignable to type 'Variants'.
  Property 'visible' is incompatible with index signature.
    Type '{ y: number; opacity: number; transition: { duration: number; ease: string; }; }' is not assignable to type 'Variant'.
      Type '{ y: number; opacity: number; transition: { duration: number; ease: string; }; }' is not assignable to type 'TargetAndTransition'.
        Type '{ y: number; opacity: number; transition: { duration: number; ease: string; }; }' is not assignable to type '{ transition?: Transition<any> | undefined; transitionEnd?: ResolvedValues$1 | undefined; }'.
          Types of property 'transition' are incompatible.
            Type '{ duration: number; ease: string; }' is not assignable to type 'Transition<any> | undefined'.
              Type '{ duration: number; ease: string; }' is not assignable to type 'TransitionWithValueOverrides<any>'.
                Type '{ duration: number; ease: string; }' is not assignable to type 'ValueAnimationTransition<any>'.
                  Types of property 'ease' are incompatible.
                    Type 'string' is not assignable to type 'Easing | Easing[] | undefined'.
src/components/homenew/carrusel-redes.tsx(5,10): error TS2305: Module '"lucide-react"' has no exported member 'Instagram'.
src/components/homenew/carrusel-redes.tsx(5,21): error TS2305: Module '"lucide-react"' has no exported member 'Facebook'.
src/components/homenew/carrusel-redes.tsx(5,31): error TS2305: Module '"lucide-react"' has no exported member 'Twitter'.
src/components/homenew/enhanced-hero.tsx(23,28): error TS2554: Expected 1 arguments, but got 0.
src/components/homenew/enhanced-hero.tsx(248,13): error TS2322: Type 'undefined' is not assignable to type 'number'.
src/components/homenew/entrepreneur-solutions.tsx(155,17): error TS2322: Type '{ hidden: { opacity: number; y: number; scale: number; }; visible: { opacity: number; y: number; scale: number; transition: { type: string; stiffness: number; damping: number; duration: number; }; }; }' is not assignable to type 'Variants'.
  Property 'visible' is incompatible with index signature.
    Type '{ opacity: number; y: number; scale: number; transition: { type: string; stiffness: number; damping: number; duration: number; }; }' is not assignable to type 'Variant'.
      Type '{ opacity: number; y: number; scale: number; transition: { type: string; stiffness: number; damping: number; duration: number; }; }' is not assignable to type 'TargetAndTransition'.
        Type '{ opacity: number; y: number; scale: number; transition: { type: string; stiffness: number; damping: number; duration: number; }; }' is not assignable to type '{ transition?: Transition<any> | undefined; transitionEnd?: ResolvedValues$1 | undefined; }'.
          Types of property 'transition' are incompatible.
            Type '{ type: string; stiffness: number; damping: number; duration: number; }' is not assignable to type 'Transition<any> | undefined'.
              Type '{ type: string; stiffness: number; damping: number; duration: number; }' is not assignable to type 'TransitionWithValueOverrides<any>'.
                Type '{ type: string; stiffness: number; damping: number; duration: number; }' is not assignable to type 'ValueAnimationTransition<any>'.
                  Types of property 'type' are incompatible.
                    Type 'string' is not assignable to type 'AnimationGeneratorType | undefined'.
ÔÇëELIFECYCLEÔÇë Command failed with exit code 2.
TYPECHECK_EXIT_CODE=2
